17-07-2026 15:46:09 [INFO] Opening TripStack
17-07-2026 15:50:58 [INFO] Opening TripStack
17-07-2026 15:55:57 [INFO] Opening TripStack
17-07-2026 15:55:58 [INFO] Opening Login Page
17-07-2026 15:55:59 [INFO] Entering Username
17-07-2026 15:55:59 [INFO] Entering Password
17-07-2026 15:55:59 [INFO] Clicking Sign In
17-07-2026 15:55:59 [INFO] ✅ Login Successful
17-07-2026 15:55:59 [INFO] Opening Bus Module
17-07-2026 15:56:00 [INFO] Selecting Source : Hyderabad HYD
17-07-2026 15:56:00 [INFO] Selecting Destination : Delhi DEL
17-07-2026 15:56:00 [INFO] Journey Date : 2026-08-05
17-07-2026 15:56:00 [INFO] Searching Bus
17-07-2026 15:56:00 [INFO] Applying AC Seater Filter
17-07-2026 15:56:00 [INFO] ✅ Orange Tours Bus Displayed
17-07-2026 15:56:00 [INFO] Selecting Bus
17-07-2026 15:56:01 [INFO] Selecting Seat S1
17-07-2026 15:56:01 [INFO] Opening Passenger Details
17-07-2026 15:56:01 [INFO] Entering Passenger Details
17-07-2026 15:56:01 [INFO] Proceeding to Payment
17-07-2026 16:03:38 [INFO] Opening TripStack
17-07-2026 16:03:39 [INFO] Opening Login Page
17-07-2026 16:03:39 [INFO] Entering Username
17-07-2026 16:03:39 [INFO] Entering Password
17-07-2026 16:03:39 [INFO] Clicking Sign In
17-07-2026 16:03:40 [INFO] ✅ Login Successful
17-07-2026 16:03:40 [INFO] Opening Bus Module
17-07-2026 16:03:40 [INFO] Selecting Source : Hyderabad HYD
17-07-2026 16:03:40 [INFO] Selecting Destination : Delhi DEL
17-07-2026 16:03:40 [INFO] Journey Date : 2026-08-05
17-07-2026 16:03:40 [INFO] Searching Bus
17-07-2026 16:03:41 [INFO] Applying AC Seater Filter
17-07-2026 16:03:41 [INFO] ✅ Orange Tours Bus Displayed
17-07-2026 16:03:41 [INFO] Selecting Bus
17-07-2026 16:03:41 [INFO] Selecting Seat S10
17-07-2026 16:03:41 [INFO] Opening Passenger Details
17-07-2026 16:03:41 [INFO] Entering Passenger Details
17-07-2026 16:03:42 [INFO] Proceeding to Payment
17-07-2026 16:09:53 [INFO] Opening TripStack
17-07-2026 16:09:54 [INFO] Opening Login Page
17-07-2026 16:09:54 [INFO] Entering Username
17-07-2026 16:09:54 [INFO] Entering Password
17-07-2026 16:09:54 [INFO] Clicking Sign In
17-07-2026 16:09:55 [INFO] ✅ Login Successful
17-07-2026 16:09:55 [INFO] Opening Bus Module
17-07-2026 16:09:55 [INFO] Selecting Source : Hyderabad HYD
17-07-2026 16:09:55 [INFO] Selecting Destination : Delhi DEL
17-07-2026 16:09:55 [INFO] Journey Date : 2026-08-05
17-07-2026 16:09:55 [INFO] Searching Bus
17-07-2026 16:09:56 [INFO] Applying AC Seater Filter
17-07-2026 16:09:56 [INFO] ✅ Orange Tours Bus Displayed
17-07-2026 16:09:56 [INFO] Selecting Bus
17-07-2026 16:09:56 [INFO] Selecting Seat S29
17-07-2026 16:09:56 [INFO] Opening Passenger Details
17-07-2026 16:09:56 [INFO] Entering Passenger Details
17-07-2026 16:09:57 [INFO] Proceeding to Payment
17-07-2026 16:10:58 [INFO] Opening TripStack
17-07-2026 16:10:59 [INFO] Opening Login Page
17-07-2026 16:10:59 [INFO] Entering Username
17-07-2026 16:10:59 [INFO] Entering Password
17-07-2026 16:10:59 [INFO] Clicking Sign In
17-07-2026 16:11:00 [INFO] ✅ Login Successful
17-07-2026 16:11:00 [INFO] Opening Bus Module
17-07-2026 16:11:00 [INFO] Selecting Source : Hyderabad HYD
17-07-2026 16:11:00 [INFO] Selecting Destination : Delhi DEL
17-07-2026 16:11:00 [INFO] Journey Date : 2026-08-05
17-07-2026 16:11:00 [INFO] Searching Bus
17-07-2026 16:11:01 [INFO] Applying AC Seater Filter
17-07-2026 16:11:01 [INFO] ✅ Orange Tours Bus Displayed
17-07-2026 16:11:01 [INFO] Selecting Bus
17-07-2026 16:11:01 [INFO] Selecting Seat S11
17-07-2026 16:11:01 [INFO] Opening Passenger Details
17-07-2026 16:11:02 [INFO] Entering Passenger Details
17-07-2026 16:11:02 [INFO] Proceeding to Payment
17-07-2026 16:11:02 [INFO] Entering Card Details
17-07-2026 16:11:02 [INFO] Making Payment
17-07-2026 16:11:03 [INFO] ✅ Booking Confirmed
17-07-2026 16:11:03 [INFO] ✅ PNR Generated
17-07-2026 16:11:03 [INFO] Verifying Booking In My Trips
17-07-2026 16:14:56 [INFO] Opening TripStack
17-07-2026 16:14:57 [INFO] Opening Login Page
17-07-2026 16:14:57 [INFO] Entering Username
17-07-2026 16:14:57 [INFO] Entering Password
17-07-2026 16:14:57 [INFO] Clicking Sign In
17-07-2026 16:14:58 [INFO] ✅ Login Successful
17-07-2026 16:14:58 [INFO] Opening Bus Module
17-07-2026 16:14:58 [INFO] Selecting Source : Hyderabad HYD
17-07-2026 16:14:58 [INFO] Selecting Destination : Delhi DEL
17-07-2026 16:14:58 [INFO] Journey Date : 2026-08-05
17-07-2026 16:14:58 [INFO] Searching Bus
17-07-2026 16:14:59 [INFO] Applying AC Seater Filter
17-07-2026 16:14:59 [INFO] ✅ Orange Tours Bus Displayed
17-07-2026 16:14:59 [INFO] Selecting Bus
17-07-2026 16:14:59 [INFO] Selecting Seat S11
17-07-2026 16:14:59 [INFO] Opening Passenger Details
17-07-2026 16:15:00 [INFO] Entering Passenger Details
17-07-2026 16:15:00 [INFO] Proceeding to Payment
17-07-2026 16:20:55 [INFO] Opening TripStack
17-07-2026 16:20:56 [INFO] Opening Login Page
17-07-2026 16:20:56 [INFO] Entering Username
17-07-2026 16:20:56 [INFO] Entering Password
17-07-2026 16:20:56 [INFO] Clicking Sign In
17-07-2026 16:20:57 [INFO] ✅ Login Successful
17-07-2026 16:20:57 [INFO] Opening Bus Module
17-07-2026 16:20:57 [INFO] Selecting Source : Hyderabad HYD
17-07-2026 16:20:57 [INFO] Selecting Destination : Delhi DEL
17-07-2026 16:20:57 [INFO] Journey Date : 2026-08-05
17-07-2026 16:20:57 [INFO] Searching Bus
17-07-2026 16:20:58 [INFO] Applying AC Seater Filter
17-07-2026 16:20:58 [INFO] ✅ Orange Tours Bus Displayed
17-07-2026 16:20:58 [INFO] Selecting Bus
17-07-2026 16:20:58 [INFO] Selecting Seat S11
17-07-2026 16:20:58 [INFO] Opening Passenger Details
17-07-2026 16:20:59 [INFO] Entering Passenger Details
17-07-2026 16:20:59 [INFO] Proceeding to Payment
17-07-2026 16:22:14 [INFO] Opening TripStack
17-07-2026 16:22:15 [INFO] Opening Login Page
17-07-2026 16:22:15 [INFO] Entering Username
17-07-2026 16:22:15 [INFO] Entering Password
17-07-2026 16:22:15 [INFO] Clicking Sign In
17-07-2026 16:22:16 [INFO] ✅ Login Successful
17-07-2026 16:22:16 [INFO] Opening Bus Module
17-07-2026 16:22:16 [INFO] Selecting Source : Hyderabad HYD
17-07-2026 16:22:16 [INFO] Selecting Destination : Delhi DEL
17-07-2026 16:22:16 [INFO] Journey Date : 2026-08-05
17-07-2026 16:22:16 [INFO] Searching Bus
17-07-2026 16:22:16 [INFO] Applying AC Seater Filter
17-07-2026 16:22:17 [INFO] ✅ Orange Tours Bus Displayed
17-07-2026 16:22:17 [INFO] Selecting Bus
17-07-2026 16:22:17 [INFO] Selecting Seat S11
17-07-2026 16:22:17 [INFO] Opening Passenger Details
17-07-2026 16:22:17 [INFO] Entering Passenger Details
17-07-2026 16:22:18 [INFO] Proceeding to Payment
17-07-2026 16:24:55 [INFO] Opening TripStack
17-07-2026 16:24:56 [INFO] Opening Login Page
17-07-2026 16:24:56 [INFO] Entering Username
17-07-2026 16:24:56 [INFO] Entering Password
17-07-2026 16:24:56 [INFO] Clicking Sign In
17-07-2026 16:24:57 [INFO] ✅ Login Successful
17-07-2026 16:24:57 [INFO] Opening Bus Module
17-07-2026 16:24:57 [INFO] Selecting Source : Hyderabad HYD
17-07-2026 16:24:57 [INFO] Selecting Destination : Delhi DEL
17-07-2026 16:24:57 [INFO] Journey Date : 2026-08-05
17-07-2026 16:24:57 [INFO] Searching Bus
17-07-2026 16:24:58 [INFO] Applying AC Seater Filter
17-07-2026 16:24:58 [INFO] ✅ Orange Tours Bus Displayed
17-07-2026 16:24:58 [INFO] Selecting Bus
17-07-2026 16:24:58 [INFO] Selecting Seat S11
17-07-2026 16:24:58 [INFO] Opening Passenger Details
17-07-2026 16:24:58 [INFO] Entering Passenger Details
17-07-2026 16:24:59 [INFO] Proceeding to Payment
17-07-2026 16:25:39 [INFO] Opening TripStack
17-07-2026 16:25:40 [INFO] Opening Login Page
17-07-2026 16:25:40 [INFO] Entering Username
17-07-2026 16:25:40 [INFO] Entering Password
17-07-2026 16:25:40 [INFO] Clicking Sign In
17-07-2026 16:25:40 [INFO] ✅ Login Successful
17-07-2026 16:25:40 [INFO] Opening Bus Module
17-07-2026 16:25:41 [INFO] Selecting Source : Hyderabad HYD
17-07-2026 16:25:41 [INFO] Selecting Destination : Delhi DEL
17-07-2026 16:25:41 [INFO] Journey Date : 2026-08-05
17-07-2026 16:25:41 [INFO] Searching Bus
17-07-2026 16:25:41 [INFO] Applying AC Seater Filter
17-07-2026 16:25:42 [INFO] ✅ Orange Tours Bus Displayed
17-07-2026 16:25:42 [INFO] Selecting Bus
17-07-2026 16:25:42 [INFO] Selecting Seat S11
17-07-2026 16:25:42 [INFO] Opening Passenger Details
17-07-2026 16:25:42 [INFO] Entering Passenger Details
17-07-2026 16:25:42 [INFO] Proceeding to Payment
17-07-2026 16:25:43 [INFO] Entering Card Details
17-07-2026 16:26:37 [INFO] Opening TripStack
17-07-2026 16:26:38 [INFO] Opening Login Page
17-07-2026 16:26:38 [INFO] Entering Username
17-07-2026 16:26:38 [INFO] Entering Password
17-07-2026 16:26:38 [INFO] Clicking Sign In
17-07-2026 16:26:39 [INFO] ✅ Login Successful
17-07-2026 16:26:39 [INFO] Opening Bus Module
17-07-2026 16:26:39 [INFO] Selecting Source : Hyderabad HYD
17-07-2026 16:26:39 [INFO] Selecting Destination : Delhi DEL
17-07-2026 16:26:39 [INFO] Journey Date : 2026-08-05
17-07-2026 16:26:39 [INFO] Searching Bus
17-07-2026 16:26:39 [INFO] Applying AC Seater Filter
17-07-2026 16:26:39 [INFO] ✅ Orange Tours Bus Displayed
17-07-2026 16:26:39 [INFO] Selecting Bus
17-07-2026 16:26:40 [INFO] Selecting Seat S11
17-07-2026 16:26:40 [INFO] Opening Passenger Details
17-07-2026 16:26:40 [INFO] Entering Passenger Details
17-07-2026 16:26:40 [INFO] Proceeding to Payment
17-07-2026 16:26:40 [INFO] Entering Card Details
17-07-2026 16:37:37 [INFO] Opening TripStack
17-07-2026 16:37:38 [INFO] Opening Login Page
17-07-2026 16:37:38 [INFO] Entering Username
17-07-2026 16:37:38 [INFO] Entering Password
17-07-2026 16:37:38 [INFO] Clicking Sign In
17-07-2026 16:37:38 [INFO] ✅ Login Successful
17-07-2026 16:37:38 [INFO] Opening Bus Module
17-07-2026 16:37:39 [INFO] Selecting Source : Hyderabad HYD
17-07-2026 16:37:39 [INFO] Selecting Destination : Delhi DEL
17-07-2026 16:37:39 [INFO] Journey Date : 2026-08-05
17-07-2026 16:37:39 [INFO] Searching Bus
17-07-2026 16:37:39 [INFO] Applying AC Seater Filter
17-07-2026 16:37:39 [INFO] ✅ Orange Tours Bus Displayed
17-07-2026 16:37:39 [INFO] Selecting Bus
17-07-2026 16:37:40 [INFO] Selecting Seat S11
17-07-2026 16:41:51 [INFO] Opening TripStack
17-07-2026 16:41:52 [INFO] Opening Login Page
17-07-2026 16:41:52 [INFO] Entering Username
17-07-2026 16:41:52 [INFO] Entering Password
17-07-2026 16:41:52 [INFO] Clicking Sign In
17-07-2026 16:41:52 [INFO] ✅ Login Successful
17-07-2026 16:41:52 [INFO] Opening Bus Module
17-07-2026 16:41:52 [INFO] Selecting Source : Hyderabad HYD
17-07-2026 16:41:53 [INFO] Selecting Destination : Delhi DEL
17-07-2026 16:41:53 [INFO] Journey Date : 2026-08-05
17-07-2026 16:41:53 [INFO] Searching Bus
17-07-2026 16:41:53 [INFO] Applying AC Seater Filter
17-07-2026 16:41:53 [INFO] ✅ Orange Tours Bus Displayed
17-07-2026 16:41:53 [INFO] Selecting Bus
17-07-2026 16:41:53 [INFO] Selecting Seat S11
17-07-2026 16:43:49 [INFO] Opening TripStack
17-07-2026 16:43:50 [INFO] Opening Login Page
17-07-2026 16:43:50 [INFO] Entering Username
17-07-2026 16:43:50 [INFO] Entering Password
17-07-2026 16:43:50 [INFO] Clicking Sign In
17-07-2026 16:43:51 [INFO] ✅ Login Successful
17-07-2026 16:43:51 [INFO] Opening Bus Module
17-07-2026 16:43:51 [INFO] Selecting Source : Hyderabad HYD
17-07-2026 16:43:51 [INFO] Selecting Destination : Delhi DEL
17-07-2026 16:43:51 [INFO] Journey Date : 2026-08-05
17-07-2026 16:43:51 [INFO] Searching Bus
17-07-2026 16:43:52 [INFO] Applying AC Seater Filter
17-07-2026 16:43:52 [INFO] ✅ Orange Tours Bus Displayed
17-07-2026 16:43:52 [INFO] Selecting Bus
17-07-2026 16:43:52 [INFO] Selecting Seat S11
17-07-2026 16:45:59 [INFO] Opening TripStack
17-07-2026 16:46:00 [INFO] Opening Login Page
17-07-2026 16:46:00 [INFO] Entering Username
17-07-2026 16:46:00 [INFO] Entering Password
17-07-2026 16:46:00 [INFO] Clicking Sign In
17-07-2026 16:46:01 [INFO] ✅ Login Successful
17-07-2026 16:46:01 [INFO] Opening Bus Module
17-07-2026 16:46:01 [INFO] Selecting Source : Hyderabad HYD
17-07-2026 16:46:01 [INFO] Selecting Destination : Delhi DEL
17-07-2026 16:46:02 [INFO] Journey Date : 2026-08-05
17-07-2026 16:46:02 [INFO] Searching Bus
17-07-2026 16:46:02 [INFO] Applying AC Seater Filter
17-07-2026 16:46:02 [INFO] ✅ Orange Tours Bus Displayed
17-07-2026 16:46:02 [INFO] Selecting Bus
17-07-2026 16:46:02 [INFO] Selecting Seat S11
17-07-2026 16:46:49 [INFO] Opening TripStack
17-07-2026 16:46:50 [INFO] Opening Login Page
17-07-2026 16:46:50 [INFO] Entering Username
17-07-2026 16:46:50 [INFO] Entering Password
17-07-2026 16:46:50 [INFO] Clicking Sign In
17-07-2026 16:46:51 [INFO] ✅ Login Successful
17-07-2026 16:46:51 [INFO] Opening Bus Module
17-07-2026 16:46:51 [INFO] Selecting Source : Hyderabad HYD
17-07-2026 16:46:51 [INFO] Selecting Destination : Delhi DEL
17-07-2026 16:46:51 [INFO] Journey Date : 2026-08-05
17-07-2026 16:46:51 [INFO] Searching Bus
17-07-2026 16:46:51 [INFO] Applying AC Seater Filter
17-07-2026 16:46:52 [INFO] ✅ Orange Tours Bus Displayed
17-07-2026 16:46:52 [INFO] Selecting Bus
17-07-2026 16:46:52 [INFO] Selecting Seat S11
17-07-2026 16:47:32 [INFO] Opening TripStack
17-07-2026 16:47:33 [INFO] Opening Login Page
17-07-2026 16:47:34 [INFO] Entering Username
17-07-2026 16:47:34 [INFO] Entering Password
17-07-2026 16:47:34 [INFO] Clicking Sign In
17-07-2026 16:47:34 [INFO] ✅ Login Successful
17-07-2026 16:47:34 [INFO] Opening Bus Module
17-07-2026 16:47:34 [INFO] Selecting Source : Hyderabad HYD
17-07-2026 16:47:35 [INFO] Selecting Destination : Delhi DEL
17-07-2026 16:47:35 [INFO] Journey Date : 2026-08-05
17-07-2026 16:47:35 [INFO] Searching Bus
17-07-2026 16:47:35 [INFO] Applying AC Seater Filter
17-07-2026 16:47:35 [INFO] ✅ Orange Tours Bus Displayed
17-07-2026 16:47:35 [INFO] Selecting Bus
17-07-2026 16:47:35 [INFO] Selecting Seat S16
17-07-2026 16:47:36 [INFO] Entering Passenger Details
17-07-2026 16:47:36 [INFO] Proceeding to Payment
17-07-2026 16:47:36 [INFO] Verifying Payment Page
17-07-2026 16:47:37 [INFO] Entering Card Holder Name
17-07-2026 16:47:37 [INFO] Entering Card Number
17-07-2026 16:47:37 [INFO] Entering Expiry
17-07-2026 16:47:37 [INFO] Entering CVV
17-07-2026 16:52:32 [INFO] Opening TripStack
17-07-2026 16:52:33 [INFO] Opening Login Page
17-07-2026 16:52:33 [INFO] Entering Username
17-07-2026 16:52:33 [INFO] Entering Password
17-07-2026 16:52:33 [INFO] Clicking Sign In
17-07-2026 16:52:34 [INFO] ✅ Login Successful
17-07-2026 16:52:34 [INFO] Opening Bus Module
17-07-2026 16:52:34 [INFO] Selecting Source : Hyderabad HYD
17-07-2026 16:52:34 [INFO] Selecting Destination : Delhi DEL
17-07-2026 16:52:35 [INFO] Journey Date : 2026-08-05
17-07-2026 16:52:35 [INFO] Searching Bus
17-07-2026 16:52:35 [INFO] Applying AC Seater Filter
17-07-2026 16:52:35 [INFO] ✅ Orange Tours Bus Displayed
17-07-2026 16:52:35 [INFO] Selecting Bus
17-07-2026 16:52:35 [INFO] Selecting Seat S16
17-07-2026 16:54:21 [INFO] Opening TripStack
17-07-2026 16:54:22 [INFO] Opening Login Page
17-07-2026 16:54:22 [INFO] Entering Username
17-07-2026 16:54:22 [INFO] Entering Password
17-07-2026 16:54:22 [INFO] Clicking Sign In
17-07-2026 16:54:23 [INFO] ✅ Login Successful
17-07-2026 16:54:23 [INFO] Opening Bus Module
17-07-2026 16:54:23 [INFO] Selecting Source : Hyderabad HYD
17-07-2026 16:54:23 [INFO] Selecting Destination : Delhi DEL
17-07-2026 16:54:23 [INFO] Journey Date : 2026-08-05
17-07-2026 16:54:23 [INFO] Searching Bus
17-07-2026 16:54:24 [INFO] Applying AC Seater Filter
17-07-2026 16:54:24 [INFO] ✅ Orange Tours Bus Displayed
17-07-2026 16:54:24 [INFO] Selecting Bus
17-07-2026 16:54:24 [INFO] Selecting Seat S2
17-07-2026 16:54:24 [INFO] Entering Passenger Details
17-07-2026 16:54:24 [INFO] Proceeding to Payment
17-07-2026 16:54:25 [INFO] Verifying Payment Page
17-07-2026 16:54:25 [INFO] Entering Card Holder Name
17-07-2026 16:54:25 [INFO] Entering Card Number
17-07-2026 16:54:25 [INFO] Entering Expiry
17-07-2026 16:54:25 [INFO] Entering CVV
17-07-2026 16:54:25 [INFO] Clicking Pay Button
17-07-2026 16:54:25 [INFO] ✅ Booking Confirmed
17-07-2026 16:54:25 [INFO] ✅ PNR Generated
17-07-2026 16:55:45 [INFO] Opening TripStack
17-07-2026 16:55:46 [INFO] Opening Login Page
17-07-2026 16:55:46 [INFO] Entering Username
17-07-2026 16:55:46 [INFO] Entering Password
17-07-2026 16:55:46 [INFO] Clicking Sign In
17-07-2026 16:55:47 [INFO] ✅ Login Successful
17-07-2026 16:55:47 [INFO] Opening Bus Module
17-07-2026 16:55:47 [INFO] Selecting Source : Hyderabad HYD
17-07-2026 16:55:47 [INFO] Selecting Destination : Delhi DEL
17-07-2026 16:55:47 [INFO] Journey Date : 2026-08-05
17-07-2026 16:55:47 [INFO] Searching Bus
17-07-2026 16:55:47 [INFO] Applying AC Seater Filter
17-07-2026 16:55:48 [INFO] ✅ Orange Tours Bus Displayed
17-07-2026 16:55:48 [INFO] Selecting Bus
17-07-2026 16:55:48 [INFO] Selecting Seat S2
17-07-2026 16:59:34 [INFO] Opening TripStack
17-07-2026 16:59:35 [INFO] Opening Login Page
17-07-2026 16:59:35 [INFO] Entering Username
17-07-2026 16:59:35 [INFO] Entering Password
17-07-2026 16:59:35 [INFO] Clicking Sign In
17-07-2026 16:59:36 [INFO] ✅ Login Successful
17-07-2026 16:59:36 [INFO] Opening Bus Module
17-07-2026 16:59:36 [INFO] Selecting Source : Hyderabad HYD
17-07-2026 16:59:36 [INFO] Selecting Destination : Delhi DEL
17-07-2026 16:59:36 [INFO] Journey Date : 2026-08-05
17-07-2026 16:59:36 [INFO] Searching Bus
17-07-2026 16:59:36 [INFO] Applying AC Seater Filter
17-07-2026 16:59:37 [INFO] ✅ Orange Tours Bus Displayed
17-07-2026 16:59:37 [INFO] Selecting Bus
17-07-2026 16:59:37 [INFO] Selecting Seat S8
17-07-2026 16:59:37 [INFO] Entering Passenger Details
17-07-2026 16:59:37 [INFO] Proceeding to Payment
17-07-2026 16:59:38 [INFO] Verifying Payment Page
17-07-2026 16:59:38 [INFO] Entering Card Holder Name
17-07-2026 16:59:38 [INFO] Entering Card Number
17-07-2026 16:59:38 [INFO] Entering Expiry
17-07-2026 16:59:38 [INFO] Entering CVV
17-07-2026 16:59:38 [INFO] Clicking Pay Button
17-07-2026 16:59:38 [INFO] ✅ Booking Confirmed
17-07-2026 16:59:38 [INFO] ✅ PNR Generated
17-07-2026 17:03:36 [INFO] Opening TripStack
17-07-2026 17:05:04 [INFO] Opening TripStack
17-07-2026 17:05:30 [INFO] Opening TripStack
17-07-2026 17:06:39 [INFO] Opening TripStack
17-07-2026 17:07:12 [INFO] Opening TripStack
17-07-2026 17:08:31 [INFO] Opening TripStack
17-07-2026 17:11:04 [INFO] Opening TripStack
17-07-2026 17:11:05 [INFO] Opening Login Page
17-07-2026 17:11:05 [INFO] Entering Username
17-07-2026 17:11:05 [INFO] Entering Password
17-07-2026 17:11:05 [INFO] Clicking Sign In
17-07-2026 17:11:06 [INFO] ✅ Login Successful
17-07-2026 17:11:06 [INFO] Opening Bus Module
17-07-2026 17:11:06 [INFO] Selecting Source : Hyderabad HYD
17-07-2026 17:11:06 [INFO] Selecting Destination : Delhi DEL
17-07-2026 17:11:06 [INFO] Journey Date : 2026-08-05
17-07-2026 17:11:06 [INFO] Searching Bus
17-07-2026 17:11:07 [INFO] Applying AC Seater Filter
17-07-2026 17:11:07 [INFO] ✅ Orange Tours Bus Displayed
17-07-2026 17:11:07 [INFO] Selecting Bus
17-07-2026 17:11:07 [INFO] Selecting Seat S20
17-07-2026 17:11:07 [INFO] Entering Passenger Details
17-07-2026 17:11:07 [INFO] Proceeding to Payment
17-07-2026 17:11:08 [INFO] Verifying Payment Page
17-07-2026 17:11:08 [INFO] Entering Card Holder Name
17-07-2026 17:11:08 [INFO] Entering Card Number
17-07-2026 17:11:08 [INFO] Entering Expiry
17-07-2026 17:11:08 [INFO] Entering CVV
17-07-2026 17:11:08 [INFO] Clicking Pay Button
17-07-2026 17:11:08 [INFO] ✅ Booking Confirmed
17-07-2026 17:11:08 [INFO] ✅ PNR Generated
17-07-2026 17:11:23 [INFO] Opening TripStack
17-07-2026 17:11:44 [INFO] Opening TripStack
17-07-2026 17:12:53 [INFO] Opening TripStack
17-07-2026 17:15:08 [INFO] Opening TripStack
17-07-2026 17:15:09 [INFO] Opening Login Page
17-07-2026 17:15:09 [INFO] Entering Username
17-07-2026 17:15:09 [INFO] Entering Password
17-07-2026 17:15:09 [INFO] Clicking Sign In
17-07-2026 17:15:10 [INFO] ✅ Login Successful
17-07-2026 17:15:10 [INFO] Opening Bus Module
17-07-2026 17:15:10 [INFO] Selecting Source : Hyderabad HYD
17-07-2026 17:15:10 [INFO] Selecting Destination : Delhi DEL
17-07-2026 17:15:10 [INFO] Journey Date : 2026-08-05
17-07-2026 17:15:11 [INFO] Searching Bus
17-07-2026 17:15:11 [INFO] Applying AC Seater Filter
17-07-2026 17:15:11 [INFO] ✅ Orange Tours Bus Displayed
17-07-2026 17:15:11 [INFO] Selecting Bus
17-07-2026 17:15:11 [INFO] Selecting Seat S20
17-07-2026 17:15:56 [INFO] Opening TripStack
17-07-2026 17:15:58 [INFO] Opening Login Page
17-07-2026 17:15:58 [INFO] Entering Username
17-07-2026 17:15:58 [INFO] Entering Password
17-07-2026 17:15:58 [INFO] Clicking Sign In
17-07-2026 17:15:59 [INFO] ✅ Login Successful
17-07-2026 17:15:59 [INFO] Opening Bus Module
17-07-2026 17:15:59 [INFO] Selecting Source : Hyderabad HYD
17-07-2026 17:15:59 [INFO] Selecting Destination : Delhi DEL
17-07-2026 17:15:59 [INFO] Journey Date : 2026-08-05
17-07-2026 17:15:59 [INFO] Searching Bus
17-07-2026 17:15:59 [INFO] Applying AC Seater Filter
17-07-2026 17:15:59 [INFO] ✅ Orange Tours Bus Displayed
17-07-2026 17:15:59 [INFO] Selecting Bus
17-07-2026 17:16:00 [INFO] Selecting Seat S22
17-07-2026 17:16:00 [INFO] Entering Passenger Details
17-07-2026 17:16:00 [INFO] Proceeding to Payment
17-07-2026 17:16:00 [INFO] Verifying Payment Page
17-07-2026 17:16:01 [INFO] Entering Card Holder Name
17-07-2026 17:16:01 [INFO] Entering Card Number
17-07-2026 17:16:01 [INFO] Entering Expiry
17-07-2026 17:16:01 [INFO] Entering CVV
17-07-2026 17:16:01 [INFO] Clicking Pay Button
17-07-2026 17:16:01 [INFO] ✅ Booking Confirmed
17-07-2026 17:16:01 [INFO] ✅ PNR Generated
18-07-2026 05:48:31 [INFO] Opening TripStack
18-07-2026 05:48:33 [INFO] Opening Login Page
18-07-2026 05:48:33 [INFO] Entering Username
18-07-2026 05:48:33 [INFO] Entering Password
18-07-2026 05:48:33 [INFO] Clicking Sign In
18-07-2026 05:48:34 [INFO] ✅ Login Successful
18-07-2026 05:48:34 [INFO] Opening Bus Module
18-07-2026 05:48:34 [INFO] Selecting Source : Hyderabad HYD
18-07-2026 05:48:34 [INFO] Selecting Destination : Delhi DEL
18-07-2026 05:48:35 [INFO] Journey Date : 2026-08-06
18-07-2026 05:48:35 [INFO] Searching Bus
18-07-2026 05:48:35 [INFO] Applying AC Seater Filter
18-07-2026 05:48:35 [INFO] ✅ Orange Tours Bus Displayed
18-07-2026 05:48:35 [INFO] Selecting Bus
18-07-2026 05:48:35 [INFO] Selecting Seat S22
18-07-2026 05:48:36 [INFO] Entering Passenger Details
18-07-2026 05:48:36 [INFO] Proceeding to Payment
18-07-2026 05:48:36 [INFO] Verifying Payment Page
18-07-2026 05:48:37 [INFO] Entering Card Holder Name
18-07-2026 05:48:37 [INFO] Entering Card Number
18-07-2026 05:48:37 [INFO] Entering Expiry
18-07-2026 05:48:37 [INFO] Entering CVV
18-07-2026 05:48:37 [INFO] Clicking Pay Button
18-07-2026 05:48:37 [INFO] ✅ Booking Confirmed
18-07-2026 05:48:37 [INFO] ✅ PNR Generated
18-07-2026 05:48:57 [INFO] Opening TripStack
18-07-2026 05:48:58 [INFO] Opening Login Page
18-07-2026 05:48:59 [INFO] Entering Username
18-07-2026 05:48:59 [INFO] Entering Password
18-07-2026 05:48:59 [INFO] Clicking Sign In
18-07-2026 05:48:59 [INFO] ✅ Login Successful
18-07-2026 05:48:59 [INFO] Opening Bus Module
18-07-2026 05:49:00 [INFO] Selecting Source : Hyderabad HYD
18-07-2026 05:49:00 [INFO] Selecting Destination : Delhi DEL
18-07-2026 05:49:00 [INFO] Journey Date : 2026-08-06
18-07-2026 05:49:00 [INFO] Searching Bus
18-07-2026 05:49:00 [INFO] Applying AC Seater Filter
18-07-2026 05:49:00 [INFO] ✅ Orange Tours Bus Displayed
18-07-2026 05:49:00 [INFO] Selecting Bus
18-07-2026 05:49:01 [INFO] Selecting Seat S22
18-07-2026 21:11:07 [INFO] Opening TripStack
18-07-2026 21:11:09 [INFO] Opening Login Page
18-07-2026 21:11:09 [INFO] Entering Username
18-07-2026 21:11:09 [INFO] Entering Password
18-07-2026 21:11:09 [INFO] Clicking Sign In
18-07-2026 21:11:10 [INFO] ✅ Login Successful
18-07-2026 21:11:10 [INFO] Opening Bus Module
18-07-2026 21:11:11 [INFO] Selecting Source : Hyderabad HYD
18-07-2026 21:11:11 [INFO] Selecting Destination : Delhi DEL
18-07-2026 21:11:11 [INFO] Journey Date : 2026-08-06
18-07-2026 21:11:11 [INFO] Searching Bus
18-07-2026 21:11:12 [INFO] Applying AC Seater Filter
18-07-2026 21:11:12 [INFO] ✅ Orange Tours Bus Displayed
18-07-2026 21:11:12 [INFO] Selecting Bus
18-07-2026 21:11:13 [INFO] Selecting Seat S22
18-07-2026 21:11:50 [INFO] Opening TripStack
18-07-2026 21:11:52 [INFO] Opening Login Page
18-07-2026 21:11:52 [INFO] Entering Username
18-07-2026 21:11:52 [INFO] Entering Password
18-07-2026 21:11:52 [INFO] Clicking Sign In
18-07-2026 21:11:53 [INFO] ✅ Login Successful
18-07-2026 21:11:53 [INFO] Opening Bus Module
18-07-2026 21:11:54 [INFO] Selecting Source : Hyderabad HYD
18-07-2026 21:11:54 [INFO] Selecting Destination : Delhi DEL
18-07-2026 21:11:54 [INFO] Journey Date : 2026-08-06
18-07-2026 21:11:54 [INFO] Searching Bus
18-07-2026 21:11:55 [INFO] Applying AC Seater Filter
18-07-2026 21:11:55 [INFO] ✅ Orange Tours Bus Displayed
18-07-2026 21:11:55 [INFO] Selecting Bus
18-07-2026 21:11:55 [INFO] Selecting Seat S2
18-07-2026 21:11:56 [INFO] Entering Passenger Details
18-07-2026 21:11:57 [INFO] Proceeding to Payment
18-07-2026 21:11:57 [INFO] Verifying Payment Page
18-07-2026 21:11:57 [INFO] Entering Card Holder Name
18-07-2026 21:11:57 [INFO] Entering Card Number
18-07-2026 21:11:58 [INFO] Entering Expiry
18-07-2026 21:11:58 [INFO] Entering CVV
18-07-2026 21:11:58 [INFO] Clicking Pay Button
18-07-2026 21:42:39 [INFO] Opening TripStack
18-07-2026 21:42:40 [INFO] Opening Login Page
18-07-2026 21:42:41 [INFO] Entering Username
18-07-2026 21:42:41 [INFO] Entering Password
18-07-2026 21:42:41 [INFO] Clicking Sign In
18-07-2026 21:42:42 [INFO] ✅ Login Successful
18-07-2026 21:42:42 [INFO] Opening Bus Module
18-07-2026 21:42:42 [INFO] Selecting Source : Hyderabad HYD
18-07-2026 21:42:42 [INFO] Selecting Destination : Delhi DEL
18-07-2026 21:42:43 [INFO] Journey Date : 2026-08-06
18-07-2026 21:42:43 [INFO] Searching Bus
18-07-2026 21:42:43 [INFO] Applying AC Seater Filter
18-07-2026 21:42:43 [INFO] ✅ Orange Tours Bus Displayed
18-07-2026 21:42:43 [INFO] Selecting Bus
18-07-2026 21:42:44 [INFO] Selecting Seat S2
18-07-2026 21:42:44 [INFO] Entering Passenger Details
18-07-2026 21:42:45 [INFO] Proceeding to Payment
18-07-2026 23:28:50 [INFO] Opening TripStack
18-07-2026 23:28:52 [INFO] Opening Login Page
18-07-2026 23:28:53 [INFO] Entering Username
18-07-2026 23:28:54 [INFO] Entering Password
18-07-2026 23:28:54 [INFO] Clicking Sign In
18-07-2026 23:28:55 [INFO] ✅ Login Successful
18-07-2026 23:28:55 [INFO] Opening Bus Module
18-07-2026 23:28:57 [INFO] Selecting Source : Hyderabad HYD
18-07-2026 23:28:58 [INFO] Selecting Destination : Delhi DEL
18-07-2026 23:28:59 [INFO] Journey Date : 2026-08-06
18-07-2026 23:28:59 [INFO] Searching Bus
18-07-2026 23:28:59 [INFO] Applying AC Seater Filter
18-07-2026 23:29:01 [INFO] ✅ Orange Tours Bus Displayed
18-07-2026 23:29:01 [INFO] Selecting Bus
18-07-2026 23:29:03 [INFO] Selecting Seat S2
18-07-2026 23:29:06 [INFO] Entering Passenger Details
18-07-2026 23:29:09 [INFO] Proceeding to Payment
18-07-2026 23:30:58 [INFO] Opening TripStack
18-07-2026 23:31:00 [INFO] Opening Login Page
18-07-2026 23:31:01 [INFO] Entering Username
18-07-2026 23:31:01 [INFO] Entering Password
18-07-2026 23:31:01 [INFO] Clicking Sign In
18-07-2026 23:31:02 [INFO] ✅ Login Successful
18-07-2026 23:31:02 [INFO] Opening Bus Module
18-07-2026 23:31:03 [INFO] Selecting Source : Hyderabad HYD
18-07-2026 23:31:03 [INFO] Selecting Destination : Delhi DEL
18-07-2026 23:31:04 [INFO] Journey Date : 2026-08-06
18-07-2026 23:31:04 [INFO] Searching Bus
18-07-2026 23:31:04 [INFO] Applying AC Seater Filter
18-07-2026 23:31:04 [INFO] ✅ Orange Tours Bus Displayed
18-07-2026 23:31:04 [INFO] Selecting Bus
18-07-2026 23:31:05 [INFO] Selecting Seat S2
18-07-2026 23:31:56 [INFO] Opening TripStack
18-07-2026 23:31:58 [INFO] Opening Login Page
18-07-2026 23:31:59 [INFO] Entering Username
18-07-2026 23:31:59 [INFO] Entering Password
18-07-2026 23:31:59 [INFO] Clicking Sign In
18-07-2026 23:32:00 [INFO] ✅ Login Successful
18-07-2026 23:32:00 [INFO] Opening Bus Module
18-07-2026 23:32:00 [INFO] Selecting Source : Hyderabad HYD
18-07-2026 23:32:01 [INFO] Selecting Destination : Delhi DEL
18-07-2026 23:32:01 [INFO] Journey Date : 2026-08-06
18-07-2026 23:32:01 [INFO] Searching Bus
18-07-2026 23:32:02 [INFO] Applying AC Seater Filter
18-07-2026 23:32:02 [INFO] ✅ Orange Tours Bus Displayed
18-07-2026 23:32:02 [INFO] Selecting Bus
18-07-2026 23:32:02 [INFO] Selecting Seat S20
18-07-2026 23:32:03 [INFO] Entering Passenger Details
18-07-2026 23:32:03 [INFO] Proceeding to Payment
18-07-2026 23:32:58 [INFO] Opening TripStack
18-07-2026 23:32:59 [INFO] Opening Login Page
18-07-2026 23:33:00 [INFO] Entering Username
18-07-2026 23:33:00 [INFO] Entering Password
18-07-2026 23:33:00 [INFO] Clicking Sign In
18-07-2026 23:33:01 [INFO] ✅ Login Successful
18-07-2026 23:33:01 [INFO] Opening Bus Module
18-07-2026 23:33:01 [INFO] Selecting Source : Hyderabad HYD
18-07-2026 23:33:02 [INFO] Selecting Destination : Delhi DEL
18-07-2026 23:33:02 [INFO] Journey Date : 2026-08-06
18-07-2026 23:33:02 [INFO] Searching Bus
18-07-2026 23:33:02 [INFO] Applying AC Seater Filter
18-07-2026 23:33:03 [INFO] ✅ Orange Tours Bus Displayed
18-07-2026 23:33:03 [INFO] Selecting Bus
18-07-2026 23:33:03 [INFO] Selecting Seat S20
18-07-2026 23:34:00 [INFO] Opening TripStack
18-07-2026 23:34:01 [INFO] Opening Login Page
18-07-2026 23:34:02 [INFO] Entering Username
18-07-2026 23:34:02 [INFO] Entering Password
18-07-2026 23:34:02 [INFO] Clicking Sign In
18-07-2026 23:34:03 [INFO] ✅ Login Successful
18-07-2026 23:34:03 [INFO] Opening Bus Module
18-07-2026 23:34:04 [INFO] Selecting Source : Hyderabad HYD
18-07-2026 23:34:04 [INFO] Selecting Destination : Delhi DEL
18-07-2026 23:34:04 [INFO] Journey Date : 2026-08-06
18-07-2026 23:34:04 [INFO] Searching Bus
18-07-2026 23:34:05 [INFO] Applying AC Seater Filter
18-07-2026 23:34:05 [INFO] ✅ Orange Tours Bus Displayed
18-07-2026 23:34:05 [INFO] Selecting Bus
18-07-2026 23:34:05 [INFO] Selecting Seat S11
18-07-2026 23:34:06 [INFO] Entering Passenger Details
18-07-2026 23:34:07 [INFO] Proceeding to Payment
18-07-2026 23:36:23 [INFO] Opening TripStack
18-07-2026 23:36:25 [INFO] Opening Login Page
18-07-2026 23:36:25 [INFO] Entering Username
18-07-2026 23:36:26 [INFO] Entering Password
18-07-2026 23:36:26 [INFO] Clicking Sign In
18-07-2026 23:36:27 [INFO] ✅ Login Successful
18-07-2026 23:36:27 [INFO] Opening Bus Module
18-07-2026 23:36:27 [INFO] Selecting Source : Hyderabad HYD
18-07-2026 23:36:28 [INFO] Selecting Destination : Delhi DEL
18-07-2026 23:36:28 [INFO] Journey Date : 2026-08-06
18-07-2026 23:36:28 [INFO] Searching Bus
18-07-2026 23:36:28 [INFO] Applying AC Seater Filter
18-07-2026 23:36:28 [INFO] ✅ Orange Tours Bus Displayed
18-07-2026 23:36:28 [INFO] Selecting Bus
18-07-2026 23:36:29 [INFO] Selecting Seat S11
18-07-2026 23:38:17 [INFO] Opening TripStack
18-07-2026 23:38:20 [INFO] Opening Login Page
18-07-2026 23:38:20 [INFO] Entering Username
18-07-2026 23:38:20 [INFO] Entering Password
18-07-2026 23:38:20 [INFO] Clicking Sign In
18-07-2026 23:38:21 [INFO] ✅ Login Successful
18-07-2026 23:38:21 [INFO] Opening Bus Module
18-07-2026 23:38:22 [INFO] Selecting Source : Hyderabad HYD
18-07-2026 23:38:22 [INFO] Selecting Destination : Delhi DEL
18-07-2026 23:38:22 [INFO] Journey Date : 2026-08-06
18-07-2026 23:38:22 [INFO] Searching Bus
18-07-2026 23:38:23 [INFO] Applying AC Seater Filter
18-07-2026 23:38:23 [INFO] ✅ Orange Tours Bus Displayed
18-07-2026 23:38:23 [INFO] Selecting Bus
18-07-2026 23:38:23 [INFO] Selecting Seat S11
18-07-2026 23:39:20 [INFO] Opening TripStack
18-07-2026 23:39:23 [INFO] Opening Login Page
18-07-2026 23:39:23 [INFO] Entering Username
18-07-2026 23:39:23 [INFO] Entering Password
18-07-2026 23:39:23 [INFO] Clicking Sign In
18-07-2026 23:39:25 [INFO] ✅ Login Successful
18-07-2026 23:39:25 [INFO] Opening Bus Module
18-07-2026 23:39:25 [INFO] Selecting Source : Hyderabad HYD
18-07-2026 23:39:26 [INFO] Selecting Destination : Delhi DEL
18-07-2026 23:39:26 [INFO] Journey Date : 2026-08-06
18-07-2026 23:39:26 [INFO] Searching Bus
18-07-2026 23:39:27 [INFO] Applying AC Seater Filter
18-07-2026 23:39:27 [INFO] ✅ Orange Tours Bus Displayed
18-07-2026 23:39:27 [INFO] Selecting Bus
18-07-2026 23:39:27 [INFO] Selecting Seat S29
18-07-2026 23:39:28 [INFO] Entering Passenger Details
18-07-2026 23:39:29 [INFO] Proceeding to Payment
18-07-2026 23:49:30 [INFO] Opening TripStack
18-07-2026 23:49:32 [INFO] Opening Login Page
18-07-2026 23:49:33 [INFO] Entering Username
18-07-2026 23:49:33 [INFO] Entering Password
18-07-2026 23:49:33 [INFO] Clicking Sign In
18-07-2026 23:49:34 [INFO] ✅ Login Successful
18-07-2026 23:49:34 [INFO] Opening Bus Module
18-07-2026 23:49:34 [INFO] Selecting Source : Hyderabad HYD
18-07-2026 23:49:35 [INFO] Selecting Destination : Delhi DEL
18-07-2026 23:49:35 [INFO] Journey Date : 2026-08-06
18-07-2026 23:49:35 [INFO] Searching Bus
18-07-2026 23:49:36 [INFO] Applying AC Seater Filter
18-07-2026 23:49:36 [INFO] ✅ Orange Tours Bus Displayed
18-07-2026 23:49:36 [INFO] Selecting Bus
18-07-2026 23:49:37 [INFO] Selecting Seat S29
18-07-2026 23:49:38 [INFO] Entering Passenger Details
18-07-2026 23:49:38 [INFO] Proceeding to Payment
19-07-2026 00:06:43 [INFO] Opening TripStack
19-07-2026 00:06:44 [INFO] Opening Login Page
19-07-2026 00:06:45 [INFO] Entering Username
19-07-2026 00:06:45 [INFO] Entering Password
19-07-2026 00:06:45 [INFO] Clicking Sign In
19-07-2026 00:06:45 [INFO] ✅ Login Successful
19-07-2026 00:06:45 [INFO] Opening Bus Module
19-07-2026 00:06:46 [INFO] Selecting Source : Hyderabad HYD
19-07-2026 00:06:46 [INFO] Selecting Destination : Delhi DEL
19-07-2026 00:06:46 [INFO] Journey Date : 2026-08-07
19-07-2026 00:06:46 [INFO] Searching Bus
19-07-2026 00:06:46 [INFO] Applying AC Seater Filter
19-07-2026 00:06:46 [INFO] ✅ Orange Tours Bus Displayed
19-07-2026 00:06:46 [INFO] Selecting Bus
19-07-2026 00:06:47 [INFO] Selecting Seat S2
19-07-2026 00:06:47 [INFO] Entering Passenger Details
19-07-2026 00:06:47 [INFO] Proceeding to Payment
19-07-2026 00:30:26 [INFO] Opening TripStack
19-07-2026 00:30:27 [INFO] Opening Login Page
19-07-2026 00:30:28 [INFO] Entering Username
19-07-2026 00:30:28 [INFO] Entering Password
19-07-2026 00:30:28 [INFO] Clicking Sign In
19-07-2026 00:30:29 [INFO] ✅ Login Successful
19-07-2026 00:30:29 [INFO] Opening Bus Module
19-07-2026 00:30:29 [INFO] Selecting Source : Hyderabad HYD
19-07-2026 00:30:29 [INFO] Selecting Destination : Delhi DEL
19-07-2026 00:30:29 [INFO] Journey Date : 2026-08-07
19-07-2026 00:30:29 [INFO] Searching Bus
19-07-2026 00:30:30 [INFO] Applying AC Seater Filter
19-07-2026 00:30:30 [INFO] ✅ Orange Tours Bus Displayed
19-07-2026 00:30:30 [INFO] Selecting Bus
19-07-2026 00:30:30 [INFO] Selecting Seat S2
19-07-2026 00:30:30 [INFO] Entering Passenger Details
19-07-2026 00:30:30 [INFO] Proceeding to Payment
19-07-2026 00:30:36 [INFO] ✅ Booking Confirmed
19-07-2026 00:30:36 [INFO] ✅ PNR Generated
19-07-2026 00:30:37 [INFO] ✅ Trip found in My Trips
